// Jest Snapshot v1, https://goo.gl/fbAQLP

exports[`renders story 1`] = `
<DocumentFragment>
  <div>
    Example
  </div>
</DocumentFragment>
`;
